// Jest Snapshot v1, https://goo.gl/fbAQLP

exports[`codegen interpolation 1`] = `
"const { toDisplayString: _toDisplayString } = Vue
return render(_ctx,_cache){return _toDisplayString(_ctx.message)}"
`;

exports[`codegen string 1`] = `"return render(_ctx,_cache){return 'hi'}"`;
